15:09:10 **** Incremental Build of configuration Debug for project ex11-13-3 ****
make -j16 all 
arm-none-eabi-gcc "../Core/Src/main.c" -mcpu=cortex-m3 -std=gnu11 -g3 -DDEBUG -DUSE_HAL_DRIVER -DSTM32F103xB -c -I../Core/Inc -I../Drivers/STM32F1xx_HAL_Driver/Inc/Legacy -I../Drivers/STM32F1xx_HAL_Driver/Inc -I../Drivers/CMSIS/Device/ST/STM32F1xx/Include -I../Drivers/CMSIS/Include -O0 -ffunction-sections -fdata-sections -Wall -fstack-usage -fcyclomatic-complexity -MMD -MP -MF"Core/Src/main.d" -MT"Core/Src/main.o" --specs=nano.specs -mfloat-abi=soft -mthumb -o "Core/Src/main.o"
arm-none-eabi-gcc -o "ex11-13-3.elf" @"objects.list"   -mcpu=cortex-m3 -T"/home/gyumin/STM32CubeIDE/workspace_1.12.1/ex11-13-3/STM32F103RBTX_FLASH.ld" --specs=nosys.specs -Wl,-Map="ex11-13-3.map" -Wl,--gc-sections -static --specs=nano.specs -mfloat-abi=soft -mthumb -Wl,--start-group -lc -lm -Wl,--end-group
Finished building target: ex11-13-3.elf
 
arm-none-eabi-size   ex11-13-3.elf 
arm-none-eabi-objdump -h -S  ex11-13-3.elf  > "ex11-13-3.list"
   text	   data	    bss	    dec	    hex	filename
   6796	    132	   1620	   8548	   2164	ex11-13-3.elf
Finished building: default.size.stdout
 
Finished building: ex11-13-3.list
 

15:09:11 Build Finished. 0 errors, 0 warnings. (took 537ms)

