13:56:06 **** Incremental Build of configuration Debug for project testtt ****
make -j16 all 
arm-none-eabi-gcc "../Core/Src/main.c" -mcpu=cortex-m3 -std=gnu11 -g3 -DDEBUG -DUSE_HAL_DRIVER -DSTM32F103xB -c -I../Core/Inc -I../Drivers/STM32F1xx_HAL_Driver/Inc/Legacy -I../Drivers/STM32F1xx_HAL_Driver/Inc -I../Drivers/CMSIS/Device/ST/STM32F1xx/Include -I../Drivers/CMSIS/Include -O0 -ffunction-sections -fdata-sections -Wall -fstack-usage -fcyclomatic-complexity -MMD -MP -MF"Core/Src/main.d" -MT"Core/Src/main.o" --specs=nano.specs -mfloat-abi=soft -mthumb -o "Core/Src/main.o"
arm-none-eabi-gcc -o "testtt.elf" @"objects.list"   -mcpu=cortex-m3 -T"/home/gyumin/STM32CubeIDE/workspace_1.12.1/testtt/STM32F103RBTX_FLASH.ld" --specs=nosys.specs -Wl,-Map="testtt.map" -Wl,--gc-sections -static --specs=nano.specs -mfloat-abi=soft -mthumb -Wl,--start-group -lc -lm -Wl,--end-group
Finished building target: testtt.elf
 
arm-none-eabi-size   testtt.elf 
arm-none-eabi-objdump -h -S  testtt.elf  > "testtt.list"
   text	   data	    bss	    dec	    hex	filename
   7776	    120	   1688	   9584	   2570	testtt.elf
Finished building: default.size.stdout
 
Finished building: testtt.list
 

13:56:07 Build Finished. 0 errors, 0 warnings. (took 700ms)

